Row,NB,LDA,QDA,CART,J48,KNN,L_SVM,poly_SVM,RBF_SVM,RandF
abalone,72,62,65,63,66,66,59,71,57,60
abalone_ori,42,41,231,45,43,43,44,46,44,231
appendicitis,37,32,44,42,34,46,32,32,34,34
asbestos,65,68,143,68,68,64,68,59,60,63
audiology_std,9,221,221,16,10,19,9,68,39,221
australian,58,38,127,38,38,41,38,37,38,35
auto1,70,70,99,53,60,69,67,67,67,58
auto2,98,97,118,92,117,112,92,92,92,92
auto4,93,93,147,86,54,117,94,118,95,83
auto5,91,101,151,72,86,101,102,88,86,73
auto6_1,60,62,220,55,58,62,62,68,66,61
auto6_2,61,63,64,60,57,61,65,69,69,61
auto6_3,62,67,214,50,53,61,66,76,70,62
auto7_1,72,73,69,68,68,72,71,85,72,64
auto7_2,99,103,106,73,84,99,104,100,100,86
auto7_3,79,77,71,63,56,74,74,88,80,61
auto8,55,70,228,53,50,52,53,59,59,57
automobile,45,198,198,38,23,0,198,198,198,198
bach,5,5,245,7,5,5,5,7,6,245
balance,12,14,147,43,81,49,13,122,27,26
banana,100,114,97,40,28,27,115,94,25,27
bankruptcy,27,32,48,27,53,15,27,70,37,22
blogger,70,72,45,75,64,39,59,82,72,41
blood,65,60,93,56,58,61,62,59,58,64
breast,62,70,107,71,62,73,64,70,71,107
breast_cancer,75,78,108,88,60,76,79,73,85,108
breast_cancer_wis_dia,10,11,13,15,13,8,8,11,8,8
breast_cancer_wis_dia_no_Nas,10,10,13,14,12,9,9,12,8,7
breast_cancer_wis_ori,17,12,10,21,20,10,8,25,6,9
breast_cancer_wis_pro2,84,75,93,72,70,70,47,58,60,52
breast_tissue,27,28,26,24,29,29,26,51,38,26
breast_tissue_merged,8,6,10,10,8,7,5,14,6,7
bupa,114,81,102,76,82,99,81,105,80,73
car,24,16,118,9,13,21,12,68,11,4
cardio10,28,216,216,18,13,17,13,21,14,9
cardio3,31,95,95,18,15,18,20,20,18,11
chess-krkp,32,27,129,8,2,21,10,47,16,4
chronic_kidney_disease,9,7,121,5,1,3,1,2,1,0
chronic_kidney_disease_full,9,6,121,4,1,3,1,1,1,0
cilinder,69,121,126,70,62,46,57,109,65,126
cilinder_no_NAs,114,118,118,78,94,58,71,92,81,118
climate,13,13,21,22,22,20,11,21,20,21
cnae9,2,229,229,15,8,8,4,53,52,4
congressional,21,9,14,11,9,14,12,13,10,8
congressional_no_Nas,21,8,22,8,11,25,8,16,9,9
connectionist_vowel,18,16,234,21,9,0,4,27,4,1
contraceptive,88,87,91,77,84,95,89,91,79,80
credit_no_Nas,58,34,128,39,39,40,35,98,35,34
diabetic,103,74,128,94,98,99,71,91,77,128
echocardio,7,21,113,10,6,26,4,22,21,113
echocardio_no_Nas,4,21,103,9,9,38,12,29,21,103
ecoli,16,47,187,19,16,14,13,29,14,81
fertility,33,39,51,52,39,41,31,31,31,33
firm,29,0,71,0,0,0,0,1,0,0
first,77,74,125,0,0,4,0,49,4,1
flare,22,202,202,23,24,31,23,63,24,202
forest,20,15,26,18,18,19,12,21,15,16
fourclass,63,63,54,8,3,0,60,53,15,1
gesture_va,66,66,64,65,53,42,66,70,55,197
grammatical_a1,104,31,91,34,35,29,30,57,35,20
grammatical_a2,18,8,29,13,10,9,8,17,10,8
grammatical_a3,33,19,28,19,23,18,16,34,19,17
grammatical_a4,40,8,89,14,15,13,6,30,10,8
grammatical_a5,54,24,50,25,23,18,21,51,21,16
grammatical_a6,19,7,29,12,12,12,6,20,9,6
grammatical_a7,29,9,50,15,15,13,8,22,10,7
grammatical_a8,50,19,31,21,20,15,17,31,20,14
grammatical_a9,31,15,55,17,19,19,16,32,19,13
grammatical_b2,57,24,35,34,30,18,24,41,17,15
grammatical_b3,51,16,51,26,23,27,19,37,20,15
grammatical_b4,45,16,39,22,21,19,17,31,16,13
grammatical_b5,48,38,31,30,20,19,40,48,26,13
grammatical_b6,50,17,31,18,15,9,16,36,10,8
grammatical_b7,38,15,47,23,20,18,13,26,14,15
grammatical_b8,39,22,33,26,24,19,23,27,22,13
grammatical_b9,55,22,34,32,30,26,26,41,22,17
haberman,65,66,63,69,75,72,70,71,67,66
hayes,32,33,164,47,48,53,31,123,55,39
heart_cleverland,47,44,166,56,65,54,49,79,57,52
heart_cleverland_no_Nas,49,45,167,59,58,57,51,78,58,53
heart_hungarian,3,4,20,4,0,9,0,10,3,0
heart_hungarian_no_Nas,0,124,124,124,103,52,124,124,124,124
heart_switzerland,85,84,184,83,91,103,92,96,85,95
heart_switzerland_no_Nas,125,121,185,110,104,102,106,99,102,185
heart_va,50,50,198,42,43,47,45,89,46,41
heart_va_no_Nas,134,164,164,80,103,104,73,80,80,164
hepatitis,35,37,84,30,35,37,38,36,23,21
hepatitis_no_Nas,29,45,70,58,48,32,48,29,45,32
hiv_746,23,22,128,30,45,42,17,119,25,27
hiv_impens,21,42,68,34,41,36,27,41,41,24
horse_colic_lesion,30,25,57,9,12,29,22,95,23,6
human,22,2,214,11,4,3,1,3,2,2
hv_no_noise,125,84,129,120,137,89,105,130,124,98
ilpd,114,78,115,85,79,86,74,78,75,75
ilpd_no_Nas,115,76,115,77,85,81,73,77,73,76
image,15,28,221,6,2,2,4,10,4,1
internet,8,7,62,7,6,10,6,36,17,62
ionosphere,27,34,119,33,20,37,27,61,15,16
iris,8,3,5,10,10,10,7,15,6,8
japanese,59,37,127,37,38,42,38,97,37,33
japanese_no_Nas,59,35,128,41,37,40,36,98,35,35
leaf,7,54,249,8,7,9,6,15,9,5
led,17,13,80,16,15,18,14,15,15,16
lenses,55,45,140,57,31,38,73,80,80,59
libras,12,11,240,16,12,5,6,12,7,6
liver,117,82,104,82,83,91,77,101,76,71
lsvt,128,114,114,47,80,65,49,81,33,41
lung,105,146,170,92,127,116,105,113,107,92
lung_no_NAs,77,171,171,94,56,97,103,150,144,80
lymphography,41,137,137,57,49,40,42,108,49,92
madelon,106,117,123,57,74,118,118,102,108,69
mammographics,40,42,57,42,43,52,45,53,41,41
mammographics_no_NAs,43,41,129,42,44,48,45,51,43,45
mechanical,78,67,194,67,62,65,67,67,67,59
mice,6,225,225,0,0,0,0,2,0,0
mice_no_Nas,3,224,224,0,0,0,0,0,0,0
molecular_promoter,22,73,129,85,51,42,27,175,37,27
molecular_splice,8,113,158,10,11,30,12,94,9,5
monks1,87,86,47,27,37,22,84,99,23,3
monks2,90,92,61,44,20,25,88,91,63,30
monks3,22,60,21,3,3,20,51,59,9,6
multiple,2,1,232,5,3,1,1,1,1,232
mushroom,15,0,129,2,0,0,0,13,0,0
onehund_mar,1,1,255,5,3,1,1,2,1,1
onehund_sha,2,255,255,5,3,2,2,4,3,2
onehund_tex,1,1,255,5,3,1,1,2,1,1
optical,9,2,232,12,5,1,1,1,1,1
ozone1_no_Nas,74,9,15,10,12,10,8,8,8,9
ozone8_no_Nas,85,18,20,19,23,19,18,17,18,17
page,23,12,13,8,7,8,9,10,9,5
pamap9,24,7,1,0,0,0,2,0,0,0
parkinson_speech,41,10,40,3,3,23,9,17,11,3
parkinsons,82,95,34,35,48,18,33,35,33,25
pen,7,6,232,10,2,0,1,0,0,0
phishing,18,18,127,24,11,9,16,15,14,8
phoneme,62,62,55,46,35,24,58,59,40,21
pima,63,58,65,63,70,69,58,66,61,62
pitt1_1,40,42,64,50,20,35,30,43,35,25
pitt1_2,32,29,106,23,26,20,19,38,19,14
pitt1_3,68,142,142,55,71,62,59,84,57,47
pitt1_4,65,71,149,55,73,56,56,69,52,54
pitt2_1,36,40,65,43,36,33,33,38,38,30
pitt2_2,29,36,106,22,24,24,23,57,20,22
pitt2_3,54,142,142,57,48,68,63,87,61,45
pitt2_4,64,80,149,76,63,65,64,91,51,53
planning,93,79,83,116,73,93,73,75,73,75
post,88,84,109,85,71,93,77,71,71,87
primary,64,77,115,73,71,74,64,87,65,62
qsar,73,36,115,45,44,38,34,54,31,33
ring,5,61,6,38,24,65,61,64,6,13
robot1,41,39,27,13,3,3,23,38,12,3
robot2,29,20,27,0,0,17,19,62,19,7
robot3,53,32,46,5,3,18,33,55,24,8
robot4,38,37,29,11,4,11,25,32,24,9
robot5,57,58,50,8,1,11,36,65,33,6
saheart,75,72,77,77,71,91,73,73,74,77
satimage,17,14,12,17,11,8,11,11,9,7
secom,147,13,32,3,1,22,14,19,17,1
seeds,18,6,10,16,16,12,11,22,12,11
seismic,40,21,32,18,18,19,17,17,17,18
soybean_large,4,235,235,8,7,5,6,50,14,235
soybean_large_no_Nas,6,233,233,10,8,8,7,55,14,233
soybean_small,0,189,189,44,2,0,0,93,0,0
spambase,74,123,123,27,19,23,18,88,18,123
spect_heart,50,49,84,46,48,62,49,53,55,51
spectf_heart,82,64,53,57,77,71,55,53,55,48
statlog_australian,60,37,127,40,39,40,37,87,37,33
statlog_german,63,62,74,66,79,71,62,77,66,61
statlog_heart,40,41,72,52,56,50,44,67,38,44
statlog_is,15,6,221,6,2,2,4,10,4,1
statlog_ls,18,14,12,17,11,8,11,12,9,7
statlog_vehicle,70,29,19,41,34,39,26,34,29,33
tae,81,82,82,98,77,59,83,82,82,59
tao,49,43,42,15,11,8,41,45,21,7
teaching,82,121,172,105,91,60,80,135,122,67
texture,11,0,234,9,3,0,0,5,0,1
thyroid_allbp,16,10,21,6,5,8,7,8,7,5
thyroid_allbp_no_Nas,18,24,24,8,6,10,9,9,8,7
thyroid_allhyper,12,11,14,3,3,5,4,5,4,14
thyroid_allhypo,10,17,37,1,1,15,9,15,12,8
thyroid_allrep,16,16,17,1,1,7,7,8,8,1
thyroid_allrep_no_Nas,16,14,14,1,1,6,6,7,7,2
thyroid_ann,11,17,36,1,1,13,11,15,11,1
thyroid_ann_no_Nas,11,17,36,1,1,13,11,15,11,1
thyroid_dis,12,7,8,3,2,5,4,4,4,3
thyroid_dis_no_Nas,12,7,8,3,2,5,4,4,4,3
thyroid_hypothyroid,4,7,23,1,0,6,4,6,5,0
thyroid_new_thyroid,7,19,8,21,11,8,6,20,9,7
thyroid_sick,18,13,30,4,2,10,8,13,8,4
thyroid_sick_no_Nas,21,38,38,5,3,12,11,18,11,5
tic,78,4,117,19,40,10,4,87,20,2
titanic,58,58,58,57,54,66,58,56,58,58
trains,77,142,129,129,26,103,129,129,129,129
turkiye,39,43,231,48,45,41,44,54,48,44
urban,13,14,222,15,14,15,14,17,12,10
user,16,9,7,13,12,25,7,22,12,9
vert2,57,42,47,46,45,43,40,68,42,37
vert3,28,33,24,29,24,32,20,37,27,22
wall2,16,49,16,0,0,2,7,8,5,0
wall24,73,55,52,3,1,20,45,24,19,1
wall4,18,48,18,0,0,5,7,18,7,0
wave,33,24,25,44,39,33,22,25,24,25
wave2,34,24,28,44,43,38,23,25,24,24
weight,1,1,184,1,0,1,0,0,1,0
wholesale,25,40,30,20,25,29,23,51,24,21
wilt,28,15,5,5,5,8,10,14,5,5
wine,4,1,2,21,12,9,8,7,2,3
wine_quality,89,77,173,81,64,56,79,74,71,48
winsconsin,10,10,13,12,12,9,8,12,8,7
wpbc,84,48,60,69,61,60,49,60,57,52
wpbc_no_Nas,90,54,60,70,65,69,52,61,56,56
zoo,2,196,196,7,3,2,1,51,4,1
