Row,Area_Good_Normalized,Density_Good_Normalized,Purity_Good,Area_Best_Normalized,Density_Best_Normalized,Purity_Best
NB,0.599,0.961,1,0,0,0
LDA,0.664,0.97,1,0,0,0
QDA,0.213,1.509,1,0,0,0
CART,0.691,1.003,1,0.691,1.003,1
J48,0.702,0.994,1,0,0,0
KNN,0.702,0.994,1,0,0,0
L_SVM,0.71,0.982,1,0,0,0
poly_SVM,0.534,0.995,1,0,0,0
RBF_SVM,0.702,0.987,1,0,0,0
RandF,0.705,0.997,1,0,0,0
